
Binary file opened: logs/BoogieWoogieWoogie/test/ADD-wrap.mips.bin
Binary read into memory.
Overflow detected in 'add'.

