
Binary file opened: logs/BoogieWoogieWoogie/test/ADDU-wrap.mips.bin
Binary read into memory.
Successful execution: -2

