
Binary file opened: logs/BoogieWoogieWoogie/test/BNE-loop.mips.bin
Binary read into memory.
Successful execution: 10

