
Binary file opened: logs/BoogieWoogieWoogie/test/JR-nothing.mips.bin
Binary read into memory.
Successful execution: 0

