
Binary file opened: logs/BoogieWoogieWoogie/test/JR-return-immediate.mips.bin
Binary read into memory.
Successful execution: 5

