
Binary file opened: logs/BoogieWoogieWoogie/test/JR-return-immediate-nodelay.mips.bin
Binary read into memory.
Successful execution: 10

