
Binary file opened: logs/BoogieWoogieWoogie/test/LW-getc.mips.bin
Binary read into memory.
Successful execution: 88

