
Binary file opened: logs/BoogieWoogieWoogie/test/LW-read-data-section.mips.bin
Binary read into memory.
Successful execution: 0

