
Binary file opened: logs/BoogieWoogieWoogie/test/SW-putc.mips.bin
Binary read into memory.
Successful execution: 0

