
Binary file opened: logs/BoogieWoogieWoogie/test/SW-read-write-data-section.mips.bin
Binary read into memory.
Successful execution: 5

